// Jest Snapshot v1, https://goo.gl/fbAQLP

exports[`Pruebas en <GridGifItem /> debe de hacer match con el snapshop 1`] = `
<div>
  <div
    class="card"
  >
    <img
      alt="Saitama"
      src="https://"
    />
    <p>
      Saitama
    </p>
  </div>
</div>
`;
